0 verbose cli C:\Program Files\nodejs\node.exe C:\Program Files\nodejs\node_modules\npm\bin\npm-cli.js
1 info using npm@11.8.0
2 info using node@v24.13.1
3 silly config load:file:C:\Program Files\nodejs\node_modules\npm\npmrc
4 silly config load:file:D:\Weekly_health_tracker\.npmrc
5 silly config load:file:C:\Users\meron\.npmrc
6 silly config load:file:C:\Users\meron\AppData\Roaming\npm\etc\npmrc
7 verbose title npm exec expo start --clear
8 verbose argv "exec" "--" "expo" "start" "--clear"
9 verbose logfile logs-max:10 dir:D:\Weekly_health_tracker\.npm-cache\_logs\2026-07-07T19_09_15_215Z-
10 verbose logfile D:\Weekly_health_tracker\.npm-cache\_logs\2026-07-07T19_09_15_215Z-debug-0.log
11 silly logfile done cleaning log files
12 http fetch GET 200 https://registry.npmjs.org/npm 1470ms
13 verbose cwd D:\Weekly_health_tracker
14 verbose os Windows_NT 10.0.22631
15 verbose node v24.13.1
16 verbose npm  v11.8.0
17 notice
17 notice New [33mminor[39m version of npm available! [33m11.8.0[39m -> [34m11.18.0[39m
17 notice Changelog: [34mhttps://github.com/npm/cli/releases/tag/v11.18.0[39m
17 notice To update run: [4mnpm install -g npm@11.18.0[24m
17 notice  { force: true, Symbol(proc-log.meta): true }
18 verbose exit 0
19 info ok
