0 verbose cli C:\Program Files\nodejs\node.exe C:\Program Files\nodejs\node_modules\npm\bin\npm-cli.js
1 info using npm@11.8.0
2 info using node@v24.13.1
3 silly config load:file:C:\Program Files\nodejs\node_modules\npm\npmrc
4 silly config load:file:d:\Weekly_health_tracker\.npmrc
5 silly config load:file:C:\Users\meron\.npmrc
6 silly config load:file:C:\Users\meron\AppData\Roaming\npm\etc\npmrc
7 verbose title npm view @react-navigation/elements description dist-tags.latest homepage version time
8 verbose argv "view" "--json" "--" "@react-navigation/elements" "description" "dist-tags.latest" "homepage" "version" "time"
9 verbose logfile logs-max:10 dir:d:\Weekly_health_tracker\.npm-cache\_logs\2026-08-01T20_14_20_987Z-
10 verbose logfile d:\Weekly_health_tracker\.npm-cache\_logs\2026-08-01T20_14_20_987Z-debug-0.log
11 silly logfile start cleaning logs, removing 1 files
12 silly logfile done cleaning log files
13 http fetch GET https://registry.npmjs.org/@react-navigation%2felements attempt 1 failed with ENOENT
14 http fetch GET https://registry.npmjs.org/@react-navigation%2felements attempt 2 failed with ENOENT
15 http fetch GET https://registry.npmjs.org/@react-navigation%2felements attempt 3 failed with ENOENT
16 verbose type system
17 verbose stack FetchError: request to https://registry.npmjs.org/@react-navigation%2felements failed, reason: getaddrinfo ENOENT registry.npmjs.org
17 verbose stack     at ClientRequest.<anonymous> (C:\Program Files\nodejs\node_modules\npm\node_modules\minipass-fetch\lib\index.js:130:14)
17 verbose stack     at ClientRequest.emit (node:events:508:28)
17 verbose stack     at emitErrorEvent (node:_http_client:108:11)
17 verbose stack     at _destroy (node:_http_client:963:9)
17 verbose stack     at onSocketNT (node:_http_client:983:5)
17 verbose stack     at process.processTicksAndRejections (node:internal/process/task_queues:90:21)
18 error code ENOENT
19 error syscall getaddrinfo
20 error errno ENOENT
21 error enoent request to https://registry.npmjs.org/@react-navigation%2felements failed, reason: getaddrinfo ENOENT registry.npmjs.org
22 error enoent This is related to npm not being able to find a file.
22 error enoent
23 verbose cwd d:\Weekly_health_tracker
24 verbose os Windows_NT 10.0.22631
25 verbose node v24.13.1
26 verbose npm  v11.8.0
27 verbose exit 1
28 verbose code 1
29 error A complete log of this run can be found in: d:\Weekly_health_tracker\.npm-cache\_logs\2026-08-01T20_14_20_987Z-debug-0.log
